2026-04-13 20:48:53.592 [http-nio-8080-exec-7] ERROR o.h.e.jdbc.spi.SqlExceptionHelper - ОШИБКА: UPDATE или DELETE в таблице "student" нарушает ограничение внешнего ключа "fknrvhpv7o2njby61c7acequdbe" таблицы "weekly_template"
  Подробности: На ключ (id)=(1) всё ещё есть ссылки в таблице "weekly_template".
2026-04-13 20:49:01.323 [http-nio-8080-exec-5] ERROR o.h.e.jdbc.spi.SqlExceptionHelper - ОШИБКА: UPDATE или DELETE в таблице "student" нарушает ограничение внешнего ключа "fknrvhpv7o2njby61c7acequdbe" таблицы "weekly_template"
  Подробности: На ключ (id)=(1) всё ещё есть ссылки в таблице "weekly_template".
2026-04-13 21:14:39.613 [http-nio-8080-exec-5] ERROR o.h.e.jdbc.spi.SqlExceptionHelper - ОШИБКА: повторяющееся значение ключа нарушает ограничение уникальности "course_pkey"
  Подробности: Ключ "(id)=(1)" уже существует.
2026-04-13 21:16:09.719 [http-nio-8080-exec-10] ERROR o.h.e.jdbc.spi.SqlExceptionHelper - ОШИБКА: повторяющееся значение ключа нарушает ограничение уникальности "student_pkey"
  Подробности: Ключ "(id)=(1)" уже существует.
2026-04-13 21:16:18.427 [http-nio-8080-exec-1] ERROR o.h.e.jdbc.spi.SqlExceptionHelper - ОШИБКА: повторяющееся значение ключа нарушает ограничение уникальности "invitation_token_pkey"
  Подробности: Ключ "(id)=(1)" уже существует.
2026-04-13 21:17:11.493 [http-nio-8080-exec-1] ERROR o.h.e.jdbc.spi.SqlExceptionHelper - ОШИБКА: повторяющееся значение ключа нарушает ограничение уникальности "invitation_token_pkey"
  Подробности: Ключ "(id)=(2)" уже существует.
2026-04-13 21:18:01.979 [http-nio-8080-exec-9] ERROR o.h.e.jdbc.spi.SqlExceptionHelper - ОШИБКА: повторяющееся значение ключа нарушает ограничение уникальности "student_pkey"
  Подробности: Ключ "(id)=(1)" уже существует.
2026-04-13 21:18:44.439 [http-nio-8080-exec-8] ERROR o.h.e.jdbc.spi.SqlExceptionHelper - ОШИБКА: повторяющееся значение ключа нарушает ограничение уникальности "invitation_token_pkey"
  Подробности: Ключ "(id)=(1)" уже существует.
2026-04-13 21:19:22.993 [http-nio-8080-exec-8] ERROR o.h.e.jdbc.spi.SqlExceptionHelper - ОШИБКА: повторяющееся значение ключа нарушает ограничение уникальности "student_rate_pkey"
  Подробности: Ключ "(id)=(2)" уже существует.
2026-04-13 21:23:47.432 [http-nio-8080-exec-10] ERROR o.h.e.jdbc.spi.SqlExceptionHelper - ОШИБКА: повторяющееся значение ключа нарушает ограничение уникальности "student_pkey"
  Подробности: Ключ "(id)=(1)" уже существует.
2026-04-13 21:37:16.833 [http-nio-8080-exec-10] ERROR o.h.e.jdbc.spi.SqlExceptionHelper - ОШИБКА: повторяющееся значение ключа нарушает ограничение уникальности "parent_pkey"
  Подробности: Ключ "(id)=(1)" уже существует.
2026-04-13 22:06:09.180 [http-nio-8080-exec-5] ERROR o.h.e.jdbc.spi.SqlExceptionHelper - ОШИБКА: значение NULL в столбце "payment_date" отношения "payment" нарушает ограничение NOT NULL
  Подробности: Ошибочная строка содержит (2, 1300, f, Математика, 2026-04-13 22:06:09.16419, 2026-04-13, null, null, card, pending, null, Петров Александр Сергеевич, 20, 3, 1, null, null, d742e66f-54cb-4d19-983a-11b18721d717, null).
2026-04-13 22:07:19.822 [http-nio-8080-exec-2] ERROR o.h.e.jdbc.spi.SqlExceptionHelper - ОШИБКА: значение NULL в столбце "payment_date" отношения "payment" нарушает ограничение NOT NULL
  Подробности: Ошибочная строка содержит (3, 1300, f, Математика, 2026-04-13 22:07:19.814048, 2026-04-13, null, null, card, pending, null, Петров Александр Сергеевич, 20, 3, 1, null, null, b56c5813-dbb5-43c8-8066-3c6384f80da9, null).
